// Jest Snapshot v1, https://goo.gl/fbAQLP

exports[`<VoiceBroadcastSmallPlaybackBody /> when rendering a { state: 'pause', liveness: 'not-live' }/%s broadcast should render as expected 1`] = `
<div>
  <div
    class="mx_VoiceBroadcastBody mx_VoiceBroadcastBody--pip mx_VoiceBroadcastBody--small"
  >
    <div
      class="mx_VoiceBroadcastHeader"
    >
      <div
        class="mx_AccessibleButton"
        role="button"
        tabindex="0"
      >
        <div
          data-testid="room-avatar"
        >
          room avatar: 
          My room
        </div>
      </div>
      <div
        class="mx_VoiceBroadcastHeader_content"
      >
        <div
          class="mx_AccessibleButton"
          role="button"
          tabindex="0"
        >
          <div
            class="mx_VoiceBroadcastHeader_room_wrapper"
          >
            <div
              class="mx_VoiceBroadcastHeader_room"
            >
              My room
            </div>
          </div>
        </div>
        <div
          aria-label="Change input device"
          class="mx_AccessibleButton mx_VoiceBroadcastHeader_line"
          role="button"
          tabindex="0"
        >
          <div
            class="mx_Icon mx_Icon_16"
          />
          <span>
            @user:example.com
          </span>
        </div>
      </div>
    </div>
    <div
      aria-label="resume voice broadcast"
      class="mx_AccessibleButton mx_VoiceBroadcastControl mx_VoiceBroadcastControl-play"
      role="button"
      tabindex="0"
    >
      <div
        class="mx_Icon mx_Icon_16"
      />
    </div>
    <div
      class="mx_AccessibleButton"
      role="button"
      tabindex="0"
    >
      <svg
        class="mx_Icon mx_Icon_8 mx_VoiceBroadcastBody__small-close"
        fill="currentColor"
        height="1em"
        viewBox="0 0 24 24"
        width="1em"
        xmlns="http://www.w3.org/2000/svg"
      >
        <path
          d="M6.293 6.293a1 1 0 0 1 1.414 0L12 10.586l4.293-4.293a1 1 0 1 1 1.414 1.414L13.414 12l4.293 4.293a1 1 0 0 1-1.414 1.414L12 13.414l-4.293 4.293a1 1 0 0 1-1.414-1.414L10.586 12 6.293 7.707a1 1 0 0 1 0-1.414Z"
        />
      </svg>
    </div>
  </div>
</div>
`;

exports[`<VoiceBroadcastSmallPlaybackBody /> when rendering a { state: 'playing', liveness: 'live' }/%s broadcast should render as expected 1`] = `
<div>
  <div
    class="mx_VoiceBroadcastBody mx_VoiceBroadcastBody--pip mx_VoiceBroadcastBody--small"
  >
    <div
      class="mx_VoiceBroadcastHeader"
    >
      <div
        class="mx_AccessibleButton"
        role="button"
        tabindex="0"
      >
        <div
          data-testid="room-avatar"
        >
          room avatar: 
          My room
        </div>
      </div>
      <div
        class="mx_VoiceBroadcastHeader_content"
      >
        <div
          class="mx_AccessibleButton"
          role="button"
          tabindex="0"
        >
          <div
            class="mx_VoiceBroadcastHeader_room_wrapper"
          >
            <div
              class="mx_VoiceBroadcastHeader_room"
            >
              My room
            </div>
          </div>
        </div>
        <div
          aria-label="Change input device"
          class="mx_AccessibleButton mx_VoiceBroadcastHeader_line"
          role="button"
          tabindex="0"
        >
          <div
            class="mx_Icon mx_Icon_16"
          />
          <span>
            @user:example.com
          </span>
        </div>
        <div
          class="mx_LiveBadge"
        >
          <div
            class="mx_Icon mx_Icon_16"
          />
          Live
        </div>
      </div>
    </div>
    <div
      aria-label="pause voice broadcast"
      class="mx_AccessibleButton mx_VoiceBroadcastControl"
      role="button"
      tabindex="0"
    >
      <div
        class="mx_Icon mx_Icon_12"
      />
    </div>
    <div
      class="mx_AccessibleButton"
      role="button"
      tabindex="0"
    >
      <svg
        class="mx_Icon mx_Icon_8 mx_VoiceBroadcastBody__small-close"
        fill="currentColor"
        height="1em"
        viewBox="0 0 24 24"
        width="1em"
        xmlns="http://www.w3.org/2000/svg"
      >
        <path
          d="M6.293 6.293a1 1 0 0 1 1.414 0L12 10.586l4.293-4.293a1 1 0 1 1 1.414 1.414L13.414 12l4.293 4.293a1 1 0 0 1-1.414 1.414L12 13.414l-4.293 4.293a1 1 0 0 1-1.414-1.414L10.586 12 6.293 7.707a1 1 0 0 1 0-1.414Z"
        />
      </svg>
    </div>
  </div>
</div>
`;

exports[`<VoiceBroadcastSmallPlaybackBody /> when rendering a buffering broadcast should render as expected 1`] = `
<div>
  <div
    class="mx_VoiceBroadcastBody mx_VoiceBroadcastBody--pip mx_VoiceBroadcastBody--small"
  >
    <div
      class="mx_VoiceBroadcastHeader"
    >
      <div
        class="mx_AccessibleButton"
        role="button"
        tabindex="0"
      >
        <div
          data-testid="room-avatar"
        >
          room avatar: 
          My room
        </div>
      </div>
      <div
        class="mx_VoiceBroadcastHeader_content"
      >
        <div
          class="mx_AccessibleButton"
          role="button"
          tabindex="0"
        >
          <div
            class="mx_VoiceBroadcastHeader_room_wrapper"
          >
            <div
              class="mx_VoiceBroadcastHeader_room"
            >
              My room
            </div>
            <div
              class="mx_Spinner"
            >
              <div
                aria-label="Loadingâ€¦"
                class="mx_Spinner_icon"
                data-testid="spinner"
                role="progressbar"
                style="width: 12px; height: 12px;"
              />
            </div>
          </div>
        </div>
        <div
          aria-label="Change input device"
          class="mx_AccessibleButton mx_VoiceBroadcastHeader_line"
          role="button"
          tabindex="0"
        >
          <div
            class="mx_Icon mx_Icon_16"
          />
          <span>
            @user:example.com
          </span>
        </div>
        <div
          class="mx_LiveBadge"
        >
          <div
            class="mx_Icon mx_Icon_16"
          />
          Live
        </div>
      </div>
    </div>
    <div
      aria-label="pause voice broadcast"
      class="mx_AccessibleButton mx_VoiceBroadcastControl"
      role="button"
      tabindex="0"
    >
      <div
        class="mx_Icon mx_Icon_12"
      />
    </div>
    <div
      class="mx_AccessibleButton"
      role="button"
      tabindex="0"
    >
      <svg
        class="mx_Icon mx_Icon_8 mx_VoiceBroadcastBody__small-close"
        fill="currentColor"
        height="1em"
        viewBox="0 0 24 24"
        width="1em"
        xmlns="http://www.w3.org/2000/svg"
      >
        <path
          d="M6.293 6.293a1 1 0 0 1 1.414 0L12 10.586l4.293-4.293a1 1 0 1 1 1.414 1.414L13.414 12l4.293 4.293a1 1 0 0 1-1.414 1.414L12 13.414l-4.293 4.293a1 1 0 0 1-1.414-1.414L10.586 12 6.293 7.707a1 1 0 0 1 0-1.414Z"
        />
      </svg>
    </div>
  </div>
</div>
`;

exports[`<VoiceBroadcastSmallPlaybackBody /> when rendering a playing broadcast should render as expected 1`] = `
<div>
  <div
    class="mx_VoiceBroadcastBody mx_VoiceBroadcastBody--pip mx_VoiceBroadcastBody--small"
  >
    <div
      class="mx_VoiceBroadcastHeader"
    >
      <div
        class="mx_AccessibleButton"
        role="button"
        tabindex="0"
      >
        <div
          data-testid="room-avatar"
        >
          room avatar: 
          My room
        </div>
      </div>
      <div
        class="mx_VoiceBroadcastHeader_content"
      >
        <div
          class="mx_AccessibleButton"
          role="button"
          tabindex="0"
        >
          <div
            class="mx_VoiceBroadcastHeader_room_wrapper"
          >
            <div
              class="mx_VoiceBroadcastHeader_room"
            >
              My room
            </div>
          </div>
        </div>
        <div
          aria-label="Change input device"
          class="mx_AccessibleButton mx_VoiceBroadcastHeader_line"
          role="button"
          tabindex="0"
        >
          <div
            class="mx_Icon mx_Icon_16"
          />
          <span>
            @user:example.com
          </span>
        </div>
      </div>
    </div>
    <div
      aria-label="pause voice broadcast"
      class="mx_AccessibleButton mx_VoiceBroadcastControl"
      role="button"
      tabindex="0"
    >
      <div
        class="mx_Icon mx_Icon_12"
      />
    </div>
    <div
      class="mx_AccessibleButton"
      role="button"
      tabindex="0"
    >
      <svg
        class="mx_Icon mx_Icon_8 mx_VoiceBroadcastBody__small-close"
        fill="currentColor"
        height="1em"
        viewBox="0 0 24 24"
        width="1em"
        xmlns="http://www.w3.org/2000/svg"
      >
        <path
          d="M6.293 6.293a1 1 0 0 1 1.414 0L12 10.586l4.293-4.293a1 1 0 1 1 1.414 1.414L13.414 12l4.293 4.293a1 1 0 0 1-1.414 1.414L12 13.414l-4.293 4.293a1 1 0 0 1-1.414-1.414L10.586 12 6.293 7.707a1 1 0 0 1 0-1.414Z"
        />
      </svg>
    </div>
  </div>
</div>
`;

exports[`<VoiceBroadcastSmallPlaybackBody /> when rendering a stopped broadcast should render as expected 1`] = `
<div>
  <div
    class="mx_VoiceBroadcastBody mx_VoiceBroadcastBody--pip mx_VoiceBroadcastBody--small"
  >
    <div
      class="mx_VoiceBroadcastHeader"
    >
      <div
        class="mx_AccessibleButton"
        role="button"
        tabindex="0"
      >
        <div
          data-testid="room-avatar"
        >
          room avatar: 
          My room
        </div>
      </div>
      <div
        class="mx_VoiceBroadcastHeader_content"
      >
        <div
          class="mx_AccessibleButton"
          role="button"
          tabindex="0"
        >
          <div
            class="mx_VoiceBroadcastHeader_room_wrapper"
          >
            <div
              class="mx_VoiceBroadcastHeader_room"
            >
              My room
            </div>
          </div>
        </div>
        <div
          aria-label="Change input device"
          class="mx_AccessibleButton mx_VoiceBroadcastHeader_line"
          role="button"
          tabindex="0"
        >
          <div
            class="mx_Icon mx_Icon_16"
          />
          <span>
            @user:example.com
          </span>
        </div>
      </div>
    </div>
    <div
      aria-label="play voice broadcast"
      class="mx_AccessibleButton mx_VoiceBroadcastControl mx_VoiceBroadcastControl-play"
      role="button"
      tabindex="0"
    >
      <div
        class="mx_Icon mx_Icon_16"
      />
    </div>
    <div
      class="mx_AccessibleButton"
      role="button"
      tabindex="0"
    >
      <svg
        class="mx_Icon mx_Icon_8 mx_VoiceBroadcastBody__small-close"
        fill="currentColor"
        height="1em"
        viewBox="0 0 24 24"
        width="1em"
        xmlns="http://www.w3.org/2000/svg"
      >
        <path
          d="M6.293 6.293a1 1 0 0 1 1.414 0L12 10.586l4.293-4.293a1 1 0 1 1 1.414 1.414L13.414 12l4.293 4.293a1 1 0 0 1-1.414 1.414L12 13.414l-4.293 4.293a1 1 0 0 1-1.414-1.414L10.586 12 6.293 7.707a1 1 0 0 1 0-1.414Z"
        />
      </svg>
    </div>
  </div>
</div>
`;
